# Harbor hardware evidence — derived by scripts/host/hw-evidence.sh v1.
# Do not edit by hand: the gate re-derives this and compares.
#
# capture: 20260812-110422.log
# sha256:  d74180b5d1d4ffacb698c49358f34ac09a6a78e43af55fefe9615167c15ddcc3
#
# Heartbeat runs (`ticks=` / `invariants:`) are collapsed to first + count +
# last (ADR-0109). Everything else is verbatim. Re-derive with:
#   scripts/host/hw-evidence.sh .serial-log/20260812-110422.log
11:04:36.871002 Harbor: hello
11:04:36.871348 EL1 · W^X map · heap · timer + UART RX IRQ · WFI idle
11:04:36.871465 build: headless (no bring-up gates) src=60e5a178 release
11:04:36.871545 DTB at 0x2eff1f00
11:04:36.871642 MMU on  (W^X, guard page at 0x107000, 299008 B of table arena left)
11:04:36.892858 reset: PowerOn partition=0 (PM_RSTS=0x00001000)
11:04:36.893034 cpu: Cortex-A72 r0p3 asid16 pa44 (MIDR=0x410fd083)
11:04:36.893141 smp: core1 alive
11:04:36.893228 DTB mapped: 61440 bytes at 0x2eff1000
11:04:36.893325 discover: model "Raspberry Pi 4 Model B Rev 1.5" rev=0xc03115 (fdt)
11:04:36.909742 discover: memory 3956 MiB (2 ranges) beyond compiled map (identity 2048 MiB)
11:04:36.909940 discover: cpus 4 (fdt) smp-seen=2 matches
11:04:36.910068 discover: display compiled=off (claim, not probed)
11:04:36.910178 heap remaining = 67108864 bytes
11:04:36.910271 frames: 512 free / 512  base=0x4118000  (2048 KiB pool)
11:04:36.994223 rng200: ok word=0xf14e7e65
11:04:36.994422 CNTFRQ=54000000 Hz  timer=10 Hz  PPI=30
11:04:36.994527 irq: sealed with 3 handlers registered
11:04:36.994606 smp: core1 ipi
11:04:36.994680 smp: core1 ran
11:04:36.994762 IRQs enabled (timer + UART RX)
11:04:36.994839 idle: WFI when no RX/tick work
11:04:36.994929 heap: Box at 0x118010, Vec of 1024 sums to 523776
11:04:37.016167 heap: 67100624 bytes free while held, 2 fragments
11:04:37.016405 heap: 67108864 bytes free after drop (fully reclaimed), 1 fragments
11:04:37.016513 unmap: page at 0x119000 fault-ready
11:04:37.016601 unmap: remapped and freed
11:04:37.016687 split: page at 0x200000 split 1, remapped
11:04:37.016770 console-server: up
11:04:37.039014 console: capability minted
11:04:37.039295 authority: 0 console ok
11:04:37.039398 loader: store n=2 image
11:04:37.039491 loader: beacon loaded text=1 stack=3 home=0
11:04:37.039581 loader: chirp loaded text=1 stack=3 home=1
11:04:37.039662 arena: 1 splits, 71 tables free
11:04:37.039748 boot: mmu=21 ms discover=56 ms ready=187 ms
11:04:37.043414 ?loader: chirp ran sends=1 refusals=0
11:04:37.043600 H!loader: beacon ran sends=2 refusals=0
11:04:38.080605 ticks=10
        [... 42 heartbeat lines elided ...]
11:04:59.080897 invariants: overwrites=0 abandoned=0 faults=0 blocked=1 frames_free=512 preempts=0 slots=3/5
