# Harbor hardware evidence — derived by scripts/host/hw-evidence.sh v1.
# Do not edit by hand: the gate re-derives this and compares.
#
# capture: 20260809-160348.log
# sha256:  5dbc2009452182dbbd00ee3133bd156f7e701d3c30cde06852ea05b38cf6bcca
#
# Heartbeat runs (`ticks=` / `invariants:`) are collapsed to first + count +
# last (ADR-0109). Everything else is verbatim. Re-derive with:
#   scripts/host/hw-evidence.sh .serial-log/20260809-160348.log
16:04:11.495273 Harbor: hello
16:04:11.496168 EL1 · W^X map · heap · timer + UART RX IRQ · WFI idle
16:04:11.496374 build: headless (no SPI TFT, no bring-up gates)
16:04:11.496527 DTB at 0x2eff1f00
16:04:11.496717 MMU on  (W^X, guard page at 0x110000, 299008 B of table arena left)
16:04:11.499816 reset: PowerOn partition=0 (PM_RSTS=0x00001000)
16:04:11.500103 cpu: Cortex-A72 r0p3 asid16 pa44 (MIDR=0x410fd083)
16:04:11.524198 smp: core1 alive
16:04:11.524510 DTB mapped: 61440 bytes at 0x2eff1000
16:04:11.524709 heap remaining = 67108864 bytes
16:04:11.524879 frames: 512 free / 512  base=0x4121000  (2048 KiB pool)
16:04:11.525044 aspace: prepare ok  held=14 (empty=1)  root=0x4121000
16:04:11.525177 el0: SVC ok  imm=0
16:04:11.533437 el0: FAULT ok  ESR=0x9200004f FAR=0x80000
16:04:11.533657 aspace: create/destroy ok  pool=512
16:04:11.533790 asid: dual a=2 b=3 ok
16:04:11.533930 aspace: dual create/destroy ok  pool=512
16:04:11.622126 rng200: ok word=0xd9852890
16:04:11.622404 CNTFRQ=54000000 Hz  timer=10 Hz  PPI=30
16:04:11.622574 irq: sealed with 2 handlers registered
16:04:11.622732 IRQs enabled (timer + UART RX)
16:04:11.622867 idle: WFI when no RX/tick work
16:04:11.623015 heap: Box at 0x121010, Vec of 1024 sums to 523776
16:04:11.640180 heap: 67100624 bytes free while held, 2 fragments
16:04:11.640519 heap: 67108864 bytes free after drop (fully reclaimed), 1 fragments
16:04:11.640743 unmap: page at 0x122000 fault-ready
16:04:11.640906 unmap: remapped and freed
16:04:11.641070 split: page at 0x200000 split 1, remapped
16:04:11.641207 console-server: up
16:04:11.641351 console: capability minted
16:04:11.662234 loader: builtin
16:04:11.662529 loader: beacon loaded text=1 stack=3
16:04:11.662719 loader: mute loaded text=2 stack=3
16:04:11.662866 sched: spawned task-a
16:04:11.663009 sched: spawned task-b
16:04:11.663152 sched: spawned el0-task
16:04:11.663294 sched: spawned pl011-agent
16:04:11.663431 sched: spawned rng-agent
16:04:11.663564 sched: spawned agent-a
16:04:11.663709 sched: spawned agent-b
16:04:11.684760 ipc: spawned receiver
16:04:11.685078 ipc: spawned sender
16:04:11.685248 ipc: spawned forger
16:04:11.685403 el0-ipc: spawned receiver
16:04:11.685549 el0-ipc: spawned sender
16:04:11.685722 irq-cap: minted timer cookie=1
16:04:11.685865 sched: spawned irq-wait
16:04:11.686005 sched: spawned el0-irq-refuse
16:04:11.686130 name: resolved
16:04:11.686256 name: missing
16:04:11.686378 store: got
16:04:11.706160 store: missing
16:04:11.706464 ipc: transfer spawned
16:04:11.706658 cascade: parent spawned
16:04:11.706813 el0-resolve: spawned
16:04:11.706964 ipc: timeout-recv spawned
16:04:11.707104 el0-xfer: parent spawned
16:04:11.707242 el0-xfer: refuse spawned
16:04:11.707383 el0-xfer-peer: parent spawned
16:04:11.707524 el0-xfer-peer: refuse spawned
16:04:11.707674 xfer-peer: stale spawned
16:04:11.709704 el0-timeout: spawned
16:04:11.709854 density: thin n=3 bytes_each=8192
16:04:11.732112 durable-media: boot=6 from=Previous part=0x7f slot=A seq=5 host=emmc2
16:04:11.732381 durable: reloaded
16:04:11.844225 durable-media: flushed slot=B seq=6
16:04:11.869214 durable-media: verified
16:04:11.869715 preempt-el1: workers spawned
16:04:11.869973 preempt: tasks spawned
16:04:11.870197 ipc: revoke-held spawned
16:04:11.870395 ipc: orphan spawned id=37
16:04:11.870549 ipc: reaper spawned
16:04:11.870724 sched: spawned supervisor
16:04:11.870903 ipc: auto-reap receiver spawned
16:04:11.871057 ipc: auto-reap sender spawned
16:04:11.892293 arena: 1 splits, 71 tables free
16:04:11.892637 loader: mute ran sends=0 refusals=2
16:04:11.892817 task-a 0
16:04:11.892972 task-b 0
16:04:11.893116 el0-task: svc ping
16:04:11.893258 el0-task: svc refuse imm=0x99
16:04:11.893395 el0-task: resume pings=2
16:04:11.893531 pl011-agent: FR read + svc ok
16:04:11.893683 pl011-agent: rx own begin
16:04:11.893813 rng-agent: map read ok
16:04:11.913176 rng-agent: killed ok  pool=466 (was 466)
16:04:11.913878 agent-b: svc ping
16:04:11.914092 el0-ipc: try-recv empty without waiting empties=1
16:04:11.914256 el0-ipc: sent slot=0 tag=7 a=42
16:04:11.914420 el0-ipc: console denied, printed nothing
16:04:11.914576 el0-ipc: refused slot=1 authority=4
16:04:11.935265 el0-ipc: agent faulted esr=0x9200004f far=0x80000 faults=1
16:04:11.935651 el0-ipc: creator alive after fault
16:04:11.935851 irq-wait: arm cookie=1
16:04:11.936020 el0-irq: refused refusals=1
16:04:11.936172 ipc: transfer donor empty
16:04:11.936327 resolve-grant: refused
16:04:11.936473 el0-resolve: ok
16:04:11.936647 el0-resolve: refused refusals=1
16:04:11.936802 el0-xfer: refused refusals=1
16:04:11.937278 el0-xfer-peer: spawned
16:04:11.942777 el0-xfer-peer: refused refusals=1 detail=4
16:04:11.943066 xfer-peer: band refused
16:04:12.218185 ipc: held-revoke ok
16:04:12.218538 ipc: release stale refused
16:04:12.218820 H!H!loader: beacon ran sends=2 refusals=0
16:04:12.219030 task-a 1
16:04:12.219204 task-b 1
16:04:12.219385 el0-task: console sends=2
16:04:12.219568 el0-task: irq resume irqs=1
16:04:12.219769 el0-task: ok  pool=421 (was 497)
16:04:12.219952 pl011-agent: rx poll empty
16:04:12.220194 agent-a: svc ping
16:04:12.228774 ipc: sent tag=1 a=42
16:04:12.229068 ipc: transfer ok
16:04:12.229231 el0-xfer: ok
16:04:12.229382 el0-xfer: parent got cap
16:04:12.229529 el0-xfer-peer: donor emptied
16:04:12.229682 xfer-peer: stale refused
16:04:12.409686 irq-wait: woke drops=0 idle_signals=8
16:04:12.410129 el0-irq: arm slot=0
16:04:12.627169 ipc: timed-out cancelled
16:04:12.627415 el0-timeout: cancelled
16:04:12.627560 ticks=10
16:04:12.627839 invariants: overwrites=0 abandoned=0 faults=1 blocked=4 frames_free=451 preempts=4
16:04:12.628008 task-a 2
16:04:12.628128 task-b 2
16:04:12.628258 RXagents: concurrent ok  pool=451
16:04:12.628379 ipc: got tag=1 a=42
16:04:12.628507 ipc: refuse count=6 full=0 state=0
16:04:12.649314 *el0-ipc: got payload via EL0 recvs=1
16:04:12.650026 el0-xfer-peer: ok
16:04:12.650234 preempt-el1: rotated
16:04:12.650419 preempt-el1: spinner exited
16:04:12.650645 preempt: rotated
16:04:12.650863 preempt: spinner exited irqs=4
16:04:12.651390 el0-irq: woke wait_irqs=1
16:04:12.651564 irq-device: woke wait_irqs=1
16:04:12.651772 ipc: cancel issued cancel_events=3
16:04:12.671216 supervisor: reaped id=21 reap_events=1
16:04:12.671523 task-a 3
16:04:12.671842 task-b 3
16:04:12.672734 sched: blocked=1 block_events=13
16:04:12.673102 cascade: parent exit cascade_events=0
16:04:12.673418 ipc: reaped cancelled
16:04:12.673666 supervised: cancelled
16:04:12.673903 ipc: auto-reaped cancelled
16:04:12.674080  cascade: cancelled
16:04:12.674414 ppl011-agent: rx own bytes=2
16:04:12.681443 pl011-agent: rx own end
16:04:12.681840 pl011-agent: killed ok  pool=512 (was 482)
16:04:12.682918 supervisor: restarted id=2
16:04:12.683187 supervised: cancelled
16:04:13.512523 ticks=20
        [... 3366 heartbeat lines elided ...]
16:32:16.491380 invariants: overwrites=0 abandoned=0 faults=1 blocked=1 frames_free=512 preempts=4
