# Harbor hardware evidence — derived by scripts/host/hw-evidence.sh v1.
# Do not edit by hand: the gate re-derives this and compares.
#
# capture: 20260811-200241.log
# sha256:  eee00d042a19b8f19b28c9b8407df1d91b7b0ac7e26964f08fe29d8d7b9a755a
#
# Heartbeat runs (`ticks=` / `invariants:`) are collapsed to first + count +
# last (ADR-0109). Everything else is verbatim. Re-derive with:
#   scripts/host/hw-evidence.sh .serial-log/20260811-200241.log
20:02:41.619157 Harbor: hello
20:02:41.620203 EL1 · W^X map · heap · timer + UART RX IRQ · WFI idle
20:02:41.620688 build: headless (no bring-up gates) src=045a7d64 release
20:02:41.621623 DTB at 0x2eff1f00
20:02:41.622022 MMU on  (W^X, guard page at 0x107000, 299008 B of table arena left)
20:02:41.641762 reset: PowerOn partition=0 (PM_RSTS=0x00001000)
20:02:41.652740 cpu: Cortex-A72 r0p3 asid16 pa44 (MIDR=0x410fd083)
20:02:41.653271 smp: core1 alive
20:02:41.653650 DTB mapped: 61440 bytes at 0x2eff1000
20:02:41.654032 discover: model "Raspberry Pi 4 Model B Rev 1.5" rev=0xc03115 (fdt)
20:02:41.657990 discover: memory 3956 MiB (2 ranges) beyond compiled map (identity 2048 MiB)
20:02:41.658551 discover: cpus 4 (fdt) smp-seen=2 matches
20:02:41.659050 discover: display compiled=off (claim, not probed)
20:02:41.659403 heap remaining = 67108864 bytes
20:02:41.659787 frames: 512 free / 512  base=0x4118000  (2048 KiB pool)
20:02:41.742029 rng200: ok word=0x00e7eb4a
20:02:41.742743 CNTFRQ=54000000 Hz  timer=10 Hz  PPI=30
20:02:41.743252 irq: sealed with 3 handlers registered
20:02:41.743726 smp: core1 ipi
20:02:41.744139 smp: core1 ran
20:02:41.744536 IRQs enabled (timer + UART RX)
20:02:41.744848 idle: WFI when no RX/tick work
20:02:41.745179 heap: Box at 0x118010, Vec of 1024 sums to 523776
20:02:41.764119 heap: 67100624 bytes free while held, 2 fragments
20:02:41.764806 heap: 67108864 bytes free after drop (fully reclaimed), 1 fragments
20:02:41.765198 unmap: page at 0x119000 fault-ready
20:02:41.765592 unmap: remapped and freed
20:02:41.765934 split: page at 0x200000 split 1, remapped
20:02:41.766436 console-server: up
20:02:41.787054 console: capability minted
20:02:41.787634 loader: store n=2 image
20:02:41.788030 loader: beacon loaded text=1 stack=3 home=0
20:02:41.788427 loader: chirp loaded text=1 stack=3 home=1
20:02:41.788772 arena: 1 splits, 71 tables free
20:02:41.789113 boot: mmu=21 ms discover=56 ms ready=184 ms
20:02:41.789460 ?loader: chirp ran sends=1 refusals=0
20:02:41.789797 H!loader: beacon ran sends=2 refusals=0
20:02:42.828514 ticks=10
        [... 8756 heartbeat lines elided ...]
21:15:40.775882 invariants: overwrites=0 abandoned=0 faults=0 blocked=1 frames_free=512 preempts=0 slots=3/5
