# Harbor hardware evidence — derived by scripts/host/hw-evidence.sh v1.
# Do not edit by hand: the gate re-derives this and compares.
#
# capture: 20260810-132749.log
# sha256:  6e315b633b79591e143d3ec8ad4dcafc6d990b8fbc4a7c700e58f6c1fda7e445
#
# Heartbeat runs (`ticks=` / `invariants:`) are collapsed to first + count +
# last (ADR-0109). Everything else is verbatim. Re-derive with:
#   scripts/host/hw-evidence.sh .serial-log/20260810-132749.log
13:28:00.629171 Harbor: hello
13:28:00.629655 EL1 · W^X map · heap · timer + UART RX IRQ · WFI idle
13:28:00.629876 build: headless (no SPI TFT, no bring-up gates) src=385cccee release
13:28:00.630027 DTB at 0x2eff1f00
13:28:00.630198 MMU on  (W^X, guard page at 0x113000, 299008 B of table arena left)
13:28:00.635159 reset: PowerOn partition=0 (PM_RSTS=0x00001000)
13:28:00.635380 cpu: Cortex-A72 r0p3 asid16 pa44 (MIDR=0x410fd083)
13:28:00.659102 smp: core1 alive
13:28:00.659345 DTB mapped: 61440 bytes at 0x2eff1000
13:28:00.659516 discover: model "Raspberry Pi 4 Model B Rev 1.5" rev=0xc03115 (fdt)
13:28:00.659718 discover: memory 3956 MiB (2 ranges) beyond compiled map (identity 2048 MiB)
13:28:00.659871 discover: cpus 4 (fdt) smp-seen=2 matches
13:28:00.682248 discover: display compiled=off (claim, not probed)
13:28:00.682504 heap remaining = 67108864 bytes
13:28:00.682693 frames: 512 free / 512  base=0x4124000  (2048 KiB pool)
13:28:00.682853 aspace: prepare ok  held=14 (empty=1)  root=0x4124000
13:28:00.682969 el0: SVC ok  imm=0
13:28:00.683091 el0: FAULT ok  ESR=0x9200004f FAR=0x80000
13:28:00.689844 aspace: create/destroy ok  pool=512
13:28:00.690038 asid: dual a=2 b=3 ok
13:28:00.690159 aspace: dual create/destroy ok  pool=512
13:28:00.774138 rng200: ok word=0xdc065668
13:28:00.774358 CNTFRQ=54000000 Hz  timer=10 Hz  PPI=30
13:28:00.774470 irq: sealed with 3 handlers registered
13:28:00.774581 smp: core1 ipi
13:28:00.774716 smp: core1 ran
13:28:00.774825 IRQs enabled (timer + UART RX)
13:28:00.774925 idle: WFI when no RX/tick work
13:28:00.775030 heap: Box at 0x124010, Vec of 1024 sums to 523776
13:28:00.796158 heap: 67100624 bytes free while held, 2 fragments
13:28:00.796393 heap: 67108864 bytes free after drop (fully reclaimed), 1 fragments
13:28:00.796549 unmap: page at 0x125000 fault-ready
13:28:00.796704 unmap: remapped and freed
13:28:00.796829 split: page at 0x200000 split 1, remapped
13:28:00.796939 console-server: up
13:28:00.818183 console: capability minted
13:28:00.818411 loader: builtin
13:28:00.818575 loader: beacon loaded text=1 stack=3
13:28:00.818724 loader: mute loaded text=2 stack=3
13:28:00.818828 sched: spawned task-a
13:28:00.818929 sched: spawned task-b
13:28:00.819022 sched: spawned el0-task
13:28:00.819116 sched: spawned pl011-agent
13:28:00.819207 sched: spawned rng-agent
13:28:00.841079 sched: spawned agent-a
13:28:00.841243 sched: spawned agent-b
13:28:00.841345 ipc: spawned receiver
13:28:00.841435 ipc: spawned sender
13:28:00.841521 ipc: spawned forger
13:28:00.841630 el0-ipc: spawned receiver
13:28:00.841716 el0-ipc: spawned sender
13:28:00.841801 irq-cap: minted timer cookie=1
13:28:00.841880 sched: spawned irq-wait
13:28:00.841962 sched: spawned el0-irq-refuse
13:28:00.842313 name: resolved
13:28:00.863064 name: missing
13:28:00.863213 store: got
13:28:00.863302 store: missing
13:28:00.863384 ipc: transfer spawned
13:28:00.863463 cascade: parent spawned
13:28:00.863537 el0-resolve: spawned
13:28:00.863629 ipc: timeout-recv spawned
13:28:00.863721 el0-xfer: parent spawned
13:28:00.863819 el0-xfer: refuse spawned
13:28:00.863915 el0-xfer-peer: parent spawned
13:28:00.864010 el0-xfer-peer: refuse spawned
13:28:00.868822 xfer-peer: stale spawned
13:28:00.868921 el0-timeout: spawned
13:28:00.869013 density: thin n=3 bytes_each=8192
13:28:00.891159 durable-media: boot=13 from=Previous part=0x7f slot=B seq=12 host=emmc2
13:28:00.891385 durable: reloaded
13:28:00.942113 durable-media: flushed slot=A seq=13
13:28:00.967712 durable-media: verified
13:28:00.967886 preempt-el1: workers spawned
13:28:00.967990 preempt-el1-cpu1: workers spawned
13:28:00.968098 preempt: tasks spawned
13:28:00.968196 ipc: revoke-held spawned
13:28:00.968290 ipc: orphan spawned id=41
13:28:00.968383 ipc: reaper spawned
13:28:00.968474 sched: spawned supervisor
13:28:00.968569 ipc: auto-reap receiver spawned
13:28:00.989181 ipc: auto-reap sender spawned
13:28:00.989363 arena: 1 splits, 71 tables free
13:28:00.989490 boot: mmu=24 ms discover=61 ms ready=369 ms
13:28:00.989616 loader: mute ran sends=0 refusals=2
13:28:00.989713 task-a 0
13:28:00.989813 task-b 0
13:28:00.989915 el0-task: svc ping
13:28:00.990028 el0-task: svc refuse imm=0x99
13:28:00.990136 el0-task: resume pings=2
13:28:01.011076 pl011-agent: FR read + svc ok
13:28:01.011236 pl011-agent: rx own begin
13:28:01.011329 rng-agent: map read ok
13:28:01.011424 rng-agent: killed ok  pool=466 (was 466)
13:28:01.011505 agent-b: svc ping
13:28:01.011609 el0-ipc: try-recv empty without waiting empties=1
13:28:01.011706 el0-ipc: sent slot=0 tag=7 a=42
13:28:01.011812 el0-ipc: console denied, printed nothing
13:28:01.033119 el0-ipc: refused slot=1 authority=4
13:28:01.033331 el0-ipc: agent faulted esr=0x9200004f far=0x80000 faults=1
13:28:01.033441 el0-ipc: creator alive after fault
13:28:01.033531 irq-wait: arm cookie=1
13:28:01.033630 el0-irq: refused refusals=1
13:28:01.033716 ipc: transfer donor empty
13:28:01.033797 resolve-grant: refused
13:28:01.033871 el0-resolve: ok
13:28:01.045781 el0-resolve: refused refusals=1
13:28:01.045955 el0-xfer: refused refusals=1
13:28:01.046056 el0-xfer-peer: spawned
13:28:01.046198 el0-xfer-peer: refused refusals=1 detail=4
13:28:01.046296 xfer-peer: band refused
13:28:01.274184 ipc: held-revoke ok
13:28:01.274378 ipc: release stale refused
13:28:01.274532 H!H!loader: beacon ran sends=2 refusals=0
13:28:01.274675 task-a 1
13:28:01.274759 task-b 1
13:28:01.274872 el0-task: console sends=2
13:28:01.274976 el0-task: irq resume irqs=1
13:28:01.275072 el0-task: ok  pool=421 (was 497)
13:28:01.275152 pl011-agent: rx poll empty
13:28:01.275226 agent-a: svc ping
13:28:01.290231 ipc: sent tag=1 a=42
13:28:01.290402 ipc: transfer ok
13:28:01.290492 el0-xfer: ok
13:28:01.290577 el0-xfer: parent got cap
13:28:01.290682 el0-xfer-peer: donor emptied
13:28:01.290759 xfer-peer: stale refused
13:28:01.290841 irq-wait: woke drops=0 idle_signals=5
13:28:01.290913 el0-irq: arm slot=0
13:28:01.470363 preempt-el1-cpu1: rotated
13:28:01.470623 preempt-el1-cpu1: spinner exited
13:28:01.470769 ipc: timed-out cancelled
13:28:01.470899 el0-timeout: cancelled
13:28:01.683751 ticks=10
13:28:01.683955 invariants: overwrites=0 abandoned=0 faults=1 blocked=4 frames_free=451 preempts=6
13:28:01.684055 task-a 2
13:28:01.684138 task-b 2
13:28:01.684227 RXagents: concurrent ok  pool=451
13:28:01.684308 ipc: got tag=1 a=42
13:28:01.684393 ipc: refuse count=6 full=0 state=0
13:28:01.684504 *el0-ipc: got payload via EL0 recvs=1
13:28:01.705210 el0-xfer-peer: ok
13:28:01.705434 preempt-el1: rotated
13:28:01.705540 el0-irq: woke wait_irqs=1
13:28:01.705656 irq-device: woke wait_irqs=1
13:28:01.705755 preempt-el1: spinner exited
13:28:01.705853 preempt: rotated
13:28:01.705958 preempt: spinner exited irqs=4
13:28:01.706067 ipc: cancel issued cancel_events=3
13:28:01.706176 supervisor: reaped id=22 reap_events=1
13:28:01.706272 task-a 3
13:28:01.728086 task-b 3
13:28:01.728321 sched: blocked=1 block_events=13
13:28:01.728476 cascade: parent exit cascade_events=0
13:28:01.728587 ipc: reaped cancelled
13:28:01.728714 supervised: cancelled
13:28:01.728818 ipc: auto-reaped cancelled
13:28:01.728940  cascade: cancelled
13:28:01.729045 ppl011-agent: rx own bytes=2
13:28:01.729154 pl011-agent: rx own end
13:28:01.733174 pl011-agent: killed ok  pool=512 (was 482)
13:28:01.733329 supervisor: restarted id=3
13:28:01.733426 supervised: cancelled
13:28:02.669107 ticks=20
        [... 326 heartbeat lines elided ...]
13:30:45.667127 invariants: overwrites=0 abandoned=0 faults=1 blocked=1 frames_free=512 preempts=6
13:30:54.638952 Harbor: hello
13:30:54.639159 EL1 · W^X map · heap · timer + UART RX IRQ · WFI idle
13:30:54.639355 build: headless (no SPI TFT, no bring-up gates) src=385cccee release
13:30:54.639501 DTB at 0x2eff1f00
13:30:54.639679 MMU on  (W^X, guard page at 0x113000, 299008 B of table arena left)
13:30:54.645041 reset: PowerOn partition=0 (PM_RSTS=0x00001000)
13:30:54.645222 cpu: Cortex-A72 r0p3 asid16 pa44 (MIDR=0x410fd083)
13:30:54.669860 smp: core1 alive
13:30:54.670050 DTB mapped: 61440 bytes at 0x2eff1000
13:30:54.670176 discover: model "Raspberry Pi 4 Model B Rev 1.5" rev=0xc03115 (fdt)
13:30:54.670294 discover: memory 3956 MiB (2 ranges) beyond compiled map (identity 2048 MiB)
13:30:54.670390 discover: cpus 4 (fdt) smp-seen=2 matches
13:30:54.691799 discover: display compiled=off (claim, not probed)
13:30:54.692018 heap remaining = 67108864 bytes
13:30:54.692183 frames: 512 free / 512  base=0x4124000  (2048 KiB pool)
13:30:54.692307 aspace: prepare ok  held=14 (empty=1)  root=0x4124000
13:30:54.692401 el0: SVC ok  imm=0
13:30:54.692503 el0: FAULT ok  ESR=0x9200004f FAR=0x80000
13:30:54.699690 aspace: create/destroy ok  pool=512
13:30:54.699849 asid: dual a=2 b=3 ok
13:30:54.699969 aspace: dual create/destroy ok  pool=512
13:30:54.783829 rng200: ok word=0x76cbea92
13:30:54.784009 CNTFRQ=54000000 Hz  timer=10 Hz  PPI=30
13:30:54.784126 irq: sealed with 3 handlers registered
13:30:54.784215 smp: core1 ipi
13:30:54.784297 smp: core1 ran
13:30:54.784383 IRQs enabled (timer + UART RX)
13:30:54.784468 idle: WFI when no RX/tick work
13:30:54.784566 heap: Box at 0x124010, Vec of 1024 sums to 523776
13:30:54.805783 heap: 67100624 bytes free while held, 2 fragments
13:30:54.805973 heap: 67108864 bytes free after drop (fully reclaimed), 1 fragments
13:30:54.806087 unmap: page at 0x125000 fault-ready
13:30:54.806176 unmap: remapped and freed
13:30:54.806265 split: page at 0x200000 split 1, remapped
13:30:54.806344 console-server: up
13:30:54.828776 console: capability minted
13:30:54.828940 loader: builtin
13:30:54.829064 loader: beacon loaded text=1 stack=3
13:30:54.829155 loader: mute loaded text=2 stack=3
13:30:54.829245 sched: spawned task-a
13:30:54.829343 sched: spawned task-b
13:30:54.829432 sched: spawned el0-task
13:30:54.829508 sched: spawned pl011-agent
13:30:54.829580 sched: spawned rng-agent
13:30:54.850915 sched: spawned agent-a
13:30:54.851104 sched: spawned agent-b
13:30:54.851207 ipc: spawned receiver
13:30:54.851293 ipc: spawned sender
13:30:54.851373 ipc: spawned forger
13:30:54.851452 el0-ipc: spawned receiver
13:30:54.851530 el0-ipc: spawned sender
13:30:54.851642 irq-cap: minted timer cookie=1
13:30:54.851726 sched: spawned irq-wait
13:30:54.851806 sched: spawned el0-irq-refuse
13:30:54.851877 name: resolved
13:30:54.872838 name: missing
13:30:54.873049 store: got
13:30:54.873150 store: missing
13:30:54.873239 ipc: transfer spawned
13:30:54.873323 cascade: parent spawned
13:30:54.873406 el0-resolve: spawned
13:30:54.873486 ipc: timeout-recv spawned
13:30:54.873563 el0-xfer: parent spawned
13:30:54.873654 el0-xfer: refuse spawned
13:30:54.873734 el0-xfer-peer: parent spawned
13:30:54.873811 el0-xfer-peer: refuse spawned
13:30:54.878822 xfer-peer: stale spawned
13:30:54.878980 el0-timeout: spawned
13:30:54.879114 density: thin n=3 bytes_each=8192
13:30:54.901026 durable-media: boot=14 from=Previous part=0x7f slot=A seq=13 host=emmc2
13:30:54.901206 durable: reloaded
13:30:54.947972 durable-media: flushed slot=B seq=14
13:30:54.972836 durable-media: verified
13:30:54.973084 preempt-el1: workers spawned
13:30:54.973224 preempt-el1-cpu1: workers spawned
13:30:54.973328 preempt: tasks spawned
13:30:54.973427 ipc: revoke-held spawned
13:30:54.973512 ipc: orphan spawned id=41
13:30:54.973589 ipc: reaper spawned
13:30:54.973691 sched: spawned supervisor
13:30:54.973793 ipc: auto-reap receiver spawned
13:30:54.994801 ipc: auto-reap sender spawned
13:30:54.994986 arena: 1 splits, 71 tables free
13:30:54.995120 boot: mmu=24 ms discover=61 ms ready=365 ms
13:30:54.995214 loader: mute ran sends=0 refusals=2
13:30:54.995287 task-a 0
13:30:54.995357 task-b 0
13:30:54.995428 el0-task: svc ping
13:30:54.995505 el0-task: svc refuse imm=0x99
13:30:54.995578 el0-task: resume pings=2
13:30:55.016842 pl011-agent: FR read + svc ok
13:30:55.017031 pl011-agent: rx own begin
13:30:55.017135 rng-agent: map read ok
13:30:55.017241 rng-agent: killed ok  pool=466 (was 466)
13:30:55.017325 agent-b: svc ping
13:30:55.017421 el0-ipc: try-recv empty without waiting empties=1
13:30:55.017507 el0-ipc: sent slot=0 tag=7 a=42
13:30:55.017607 el0-ipc: console denied, printed nothing
13:30:55.038770 el0-ipc: refused slot=1 authority=4
13:30:55.038987 el0-ipc: agent faulted esr=0x9200004f far=0x80000 faults=1
13:30:55.039096 el0-ipc: creator alive after fault
13:30:55.039195 irq-wait: arm cookie=1
13:30:55.039292 el0-irq: refused refusals=1
13:30:55.039375 ipc: transfer donor empty
13:30:55.039469 resolve-grant: refused
13:30:55.039564 el0-resolve: ok
13:30:55.051689 el0-resolve: refused refusals=1
13:30:55.051871 el0-xfer: refused refusals=1
13:30:55.051973 el0-xfer-peer: spawned
13:30:55.052072 el0-xfer-peer: refused refusals=1 detail=4
13:30:55.052212 xfer-peer: band refused
13:30:55.283789 ipc: held-revoke ok
13:30:55.283997 ipc: release stale refused
13:30:55.284148 H!H!loader: beacon ran sends=2 refusals=0
13:30:55.284278 task-a 1
13:30:55.284402 task-b 1
13:30:55.284542 el0-task: console sends=2
13:30:55.284702 el0-task: irq resume irqs=1
13:30:55.284837 el0-task: ok  pool=421 (was 497)
13:30:55.284967 pl011-agent: rx poll empty
13:30:55.285100 agent-a: svc ping
13:30:55.300111 ipc: sent tag=1 a=42
13:30:55.300319 ipc: transfer ok
13:30:55.300437 el0-xfer: ok
13:30:55.300542 el0-xfer: parent got cap
13:30:55.300656 el0-xfer-peer: donor emptied
13:30:55.300752 xfer-peer: stale refused
13:30:55.300851 irq-wait: woke drops=0 idle_signals=5
13:30:55.300944 el0-irq: arm slot=0
13:30:55.480222 preempt-el1-cpu1: rotated
13:30:55.480414 preempt-el1-cpu1: spinner exited
13:30:55.480533 ipc: timed-out cancelled
13:30:55.480680 el0-timeout: cancelled
13:30:55.692771 ticks=10
13:30:55.692967 invariants: overwrites=0 abandoned=0 faults=1 blocked=4 frames_free=451 preempts=6
13:30:55.693068 task-a 2
13:30:55.693151 task-b 2
13:30:55.693241 RXagents: concurrent ok  pool=451
13:30:55.693324 ipc: got tag=1 a=42
13:30:55.693411 ipc: refuse count=6 full=0 state=0
13:30:55.693498 *el0-ipc: got payload via EL0 recvs=1
13:30:55.715870 el0-xfer-peer: ok
13:30:55.716075 preempt-el1: rotated
13:30:55.716188 el0-irq: woke wait_irqs=1
13:30:55.716295 irq-device: woke wait_irqs=1
13:30:55.716402 preempt-el1: spinner exited
13:30:55.716503 preempt: rotated
13:30:55.716627 preempt: spinner exited irqs=4
13:30:55.716734 ipc: cancel issued cancel_events=3
13:30:55.716833 supervisor: reaped id=22 reap_events=1
13:30:55.716923 task-a 3
13:30:55.737877 task-b 3
13:30:55.738063 sched: blocked=1 block_events=13
13:30:55.738174 cascade: parent exit cascade_events=0
13:30:55.738267 ipc: reaped cancelled
13:30:55.738351 supervised: cancelled
13:30:55.738435 ipc: auto-reaped cancelled
13:30:55.738513  cascade: cancelled
13:30:55.738615 ppl011-agent: rx own bytes=2
13:30:55.738701 pl011-agent: rx own end
13:30:55.743256 pl011-agent: killed ok  pool=512 (was 482)
13:30:55.743429 supervisor: restarted id=3
13:30:55.743554 supervised: cancelled
13:30:56.678844 ticks=20
        [... 1594 heartbeat lines elided ...]
13:44:13.668767 invariants: overwrites=0 abandoned=0 faults=1 blocked=1 frames_free=512 preempts=6
13:48:26.723206 Harbor: hello
13:48:26.723446 EL1 · W^X map · heap · timer + UART RX IRQ · WFI idle
13:48:26.723632 build: headless (no SPI TFT, no bring-up gates) src=b898ebcd release
13:48:26.723759 DTB at 0x2eff1f00
13:48:26.723903 MMU on  (W^X, guard page at 0x116000, 299008 B of table arena left)
13:48:26.744986 reset: PowerOn partition=0 (PM_RSTS=0x00001000)
13:48:26.745461 cpu: Cortex-A72 r0p3 asid16 pa44 (MIDR=0x410fd083)
13:48:26.745603 smp: core1 alive
13:48:26.745738 DTB mapped: 61440 bytes at 0x2eff1000
13:48:26.745884 discover: model "Raspberry Pi 4 Model B Rev 1.5" rev=0xc03115 (fdt)
13:48:26.768027 discover: memory 3956 MiB (2 ranges) beyond compiled map (identity 2048 MiB)
13:48:26.768263 discover: cpus 4 (fdt) smp-seen=2 matches
13:48:26.768402 discover: display compiled=off (claim, not probed)
13:48:26.768521 heap remaining = 67108864 bytes
13:48:26.768660 frames: 512 free / 512  base=0x4127000  (2048 KiB pool)
13:48:26.782430 aspace: prepare ok  held=14 (empty=1)  root=0x4127000
13:48:26.782636 el0: SVC ok  imm=0
13:48:26.782768 el0: FAULT ok  ESR=0x9200004f FAR=0x80000
13:48:26.782876 aspace: create/destroy ok  pool=512
13:48:26.782972 asid: dual a=2 b=3 ok
13:48:26.783079 aspace: dual create/destroy ok  pool=512
13:48:26.867021 rng200: ok word=0xff4a9dc6
13:48:26.867213 CNTFRQ=54000000 Hz  timer=10 Hz  PPI=30
13:48:26.867331 irq: sealed with 3 handlers registered
13:48:26.867429 smp: core1 ipi
13:48:26.867522 smp: core1 ran
13:48:26.867650 IRQs enabled (timer + UART RX)
13:48:26.867769 idle: WFI when no RX/tick work
13:48:26.867908 heap: Box at 0x127010, Vec of 1024 sums to 523776
13:48:26.889044 heap: 67100624 bytes free while held, 2 fragments
13:48:26.889267 heap: 67108864 bytes free after drop (fully reclaimed), 1 fragments
13:48:26.889402 unmap: page at 0x128000 fault-ready
13:48:26.889560 unmap: remapped and freed
13:48:26.889684 split: page at 0x200000 split 1, remapped
13:48:26.889775 console-server: up
13:48:26.911075 console: capability minted
13:48:26.911222 loader: builtin
13:48:26.911328 loader: beacon loaded text=1 stack=3
13:48:26.911417 loader: mute loaded text=2 stack=3
13:48:26.911493 sched: spawned task-a
13:48:26.911565 sched: spawned task-b
13:48:26.911651 sched: spawned el0-task
13:48:26.911729 sched: spawned pl011-agent
13:48:26.911800 sched: spawned rng-agent
13:48:26.932980 sched: spawned agent-a
13:48:26.933189 sched: spawned agent-b
13:48:26.933310 ipc: spawned receiver
13:48:26.933419 ipc: spawned sender
13:48:26.933524 ipc: spawned forger
13:48:26.933635 el0-ipc: spawned receiver
13:48:26.933733 el0-ipc: spawned sender
13:48:26.933833 irq-cap: minted timer cookie=1
13:48:26.933930 sched: spawned irq-wait
13:48:26.934014 sched: spawned el0-irq-refuse
13:48:26.934083 name: resolved
13:48:26.955031 name: missing
13:48:26.955182 store: got
13:48:26.955276 store: missing
13:48:26.955360 ipc: transfer spawned
13:48:26.955439 cascade: parent spawned
13:48:26.955513 el0-resolve: spawned
13:48:26.955588 ipc: timeout-recv spawned
13:48:26.955680 el0-xfer: parent spawned
13:48:26.955758 el0-xfer: refuse spawned
13:48:26.955838 el0-xfer-peer: parent spawned
13:48:26.955918 el0-xfer-peer: refuse spawned
13:48:26.961323 xfer-peer: stale spawned
13:48:26.961411 el0-timeout: spawned
13:48:26.961489 density: thin n=3 bytes_each=8192
13:48:26.983745 durable-media: boot=15 from=Previous part=0x7f slot=B seq=14 host=emmc2
13:48:26.983875 durable: reloaded
13:48:27.096250 durable-media: flushed slot=A seq=15
13:48:27.121010 durable-media: verified
13:48:27.121222 preempt-el1: workers spawned
13:48:27.121382 preempt-el1-cpu1: workers spawned
13:48:27.121522 preempt-el0-cpu1: workers spawned
13:48:27.121628 preempt: tasks spawned
13:48:27.121708 ipc: revoke-held spawned
13:48:27.121781 ipc: orphan spawned id=44
13:48:27.121846 ipc: reaper spawned
13:48:27.121915 sched: spawned supervisor
13:48:27.142984 ipc: auto-reap receiver spawned
13:48:27.143139 ipc: auto-reap sender spawned
13:48:27.143244 arena: 1 splits, 71 tables free
13:48:27.143340 boot: mmu=22 ms discover=57 ms ready=430 ms
13:48:27.143428 loader: mute ran sends=0 refusals=2
13:48:27.143533 task-a 0
13:48:27.143644 task-b 0
13:48:27.143729 el0-task: svc ping
13:48:27.143843 el0-task: svc refuse imm=0x99
13:48:27.164980 el0-task: resume pings=2
13:48:27.165133 pl011-agent: FR read + svc ok
13:48:27.165223 pl011-agent: rx own begin
13:48:27.165305 rng-agent: map read ok
13:48:27.165388 rng-agent: killed ok  pool=466 (was 466)
13:48:27.165459 agent-b: svc ping
13:48:27.165541 el0-ipc: try-recv empty without waiting empties=1
13:48:27.165633 el0-ipc: sent slot=0 tag=7 a=42
13:48:27.188161 el0-ipc: console denied, printed nothing
13:48:27.188413 el0-ipc: refused slot=1 authority=4
13:48:27.188583 el0-ipc: agent faulted esr=0x9200004f far=0x80000 faults=1
13:48:27.188738 el0-ipc: creator alive after fault
13:48:27.188861 irq-wait: arm cookie=1
13:48:27.188977 el0-irq: refused refusals=1
13:48:27.189086 ipc: transfer donor empty
13:48:27.202948 resolve-grant: refused
13:48:27.203122 el0-resolve: ok
13:48:27.203234 el0-resolve: refused refusals=1
13:48:27.203625 el0-xfer: refused refusals=1
13:48:27.203772 el0-xfer-peer: spawned
13:48:27.203897 el0-xfer-peer: refused refusals=1 detail=4
13:48:27.203983 xfer-peer: band refused
13:48:27.467031 ipc: held-revoke ok
13:48:27.467238 ipc: release stale refused
13:48:27.467374 H!H!loader: beacon ran sends=2 refusals=0
13:48:27.467472 task-a 1
13:48:27.467558 task-b 1
13:48:27.467664 el0-task: console sends=2
13:48:27.467772 el0-task: irq resume irqs=1
13:48:27.467878 el0-task: ok  pool=406 (was 497)
13:48:27.467972 pl011-agent: rx poll empty
13:48:27.468062 agent-a: svc ping
13:48:27.482715 ipc: sent tag=1 a=42
13:48:27.482860 ipc: transfer ok
13:48:27.482943 el0-xfer: ok
13:48:27.483016 el0-xfer: parent got cap
13:48:27.483089 el0-xfer-peer: donor emptied
13:48:27.483155 xfer-peer: stale refused
13:48:27.483224 irq-wait: woke drops=0 idle_signals=6
13:48:27.483286 el0-irq: arm slot=0
13:48:27.655568 preempt-el1-cpu1: rotated
13:48:27.876013 ipc: timed-out cancelled
13:48:27.876194 el0-timeout: cancelled
13:48:27.876290 ticks=10
13:48:27.876410 invariants: overwrites=0 abandoned=0 faults=1 blocked=4 frames_free=451 preempts=8
13:48:27.876491 task-a 2
13:48:27.876564 task-b 2
13:48:27.876665 RXagents: concurrent ok  pool=451
13:48:27.878810 ipc: got tag=1 a=42
13:48:27.878933 ipc: refuse count=6 full=0 state=0
13:48:27.898048 *el0-ipc: got payload via EL0 recvs=1
13:48:27.898220 el0-xfer-peer: ok
13:48:27.898314 preempt-el1: rotated
13:48:27.898398 preempt-el1: spinner exited
13:48:27.898475 el0-irq: woke wait_irqs=1
13:48:27.898551 irq-device: woke wait_irqs=1
13:48:27.898654 preempt-el1-cpu1: spinner exited
13:48:27.898742 preempt-el0-cpu1: rotated
13:48:27.920005 preempt-el0-cpu1: spinner exited
13:48:27.920200 preempt: rotated
13:48:27.920312 preempt: spinner exited irqs=4
13:48:27.920423 ipc: cancel issued cancel_events=3
13:48:27.920577 supervisor: reaped id=22 reap_events=1
13:48:27.920700 task-a 3
13:48:27.920779 task-b 3
13:48:27.920859 sched: blocked=1 block_events=13
13:48:27.920958 cascade: parent exit cascade_events=0
13:48:27.921044 ipc: reaped cancelled
13:48:27.938357 supervised: cancelled
13:48:27.938513 ipc: auto-reaped cancelled
13:48:27.938590  cascade: cancelled
13:48:27.938681 ppl011-agent: rx own bytes=2
13:48:27.938759 pl011-agent: rx own end
13:48:27.938841 pl011-agent: killed ok  pool=512 (was 482)
13:48:27.938917 supervisor: restarted id=3
13:48:27.938994 supervised: cancelled
13:48:28.761315 ticks=20
        [... 6042 heartbeat lines elided ...]
14:38:49.724744 invariants: overwrites=0 abandoned=0 faults=1 blocked=1 frames_free=512 preempts=8
