# Harbor hardware evidence — derived by scripts/host/hw-evidence.sh v1.
# Do not edit by hand: the gate re-derives this and compares.
#
# capture: 20260814-113438.log
# sha256:  db0b55d5bb5b5903f9f35ba46f392f5ead4572b5f6507749b4c2d8e7c494eed8
#
# Heartbeat runs (`ticks=` / `invariants:`) are collapsed to first + count +
# last (ADR-0109). Everything else is verbatim. Re-derive with:
#   scripts/host/hw-evidence.sh .serial-log/20260814-113438.log
11:35:34.836848 Harbor: hello
11:35:34.837147 EL1 · W^X map · heap · timer + UART RX IRQ · WFI idle
11:35:34.837265 build: headless (no bring-up gates) src=dcc997cc release
11:35:34.837348 DTB at 0x2eff1f00
11:35:34.837446 MMU on  (W^X, guard page at 0x109000, 299008 B of table arena left)
11:35:34.858951 reset: PowerOn partition=0 (PM_RSTS=0x00001000)
11:35:34.859160 cpu: Cortex-A72 r0p3 asid16 pa44 (MIDR=0x410fd083)
11:35:34.859260 smp: core1 alive
11:35:34.859355 DTB mapped: 61440 bytes at 0x2eff1000
11:35:34.859461 discover: model "Raspberry Pi 4 Model B Rev 1.5" rev=0xc03115 (fdt)
11:35:34.875636 discover: memory 3956 MiB (2 ranges) beyond compiled map (identity 2048 MiB)
11:35:34.875842 discover: cpus 4 (fdt) smp-seen=2 matches
11:35:34.875956 discover: display compiled=off (claim, not probed)
11:35:34.876045 heap remaining = 67108864 bytes
11:35:34.876141 frames: 512 free / 512  base=0x411a000  (2048 KiB pool)
11:35:34.959677 rng200: ok word=0xdca9bca0
11:35:34.959863 CNTFRQ=54000000 Hz  timer=10 Hz  PPI=30
11:35:34.959971 irq: sealed with 3 handlers registered
11:35:34.960049 smp: core1 ipi
11:35:34.960123 smp: core1 ran
11:35:34.960204 IRQs enabled (timer + UART RX)
11:35:34.960282 idle: WFI when no RX/tick work
11:35:34.960371 heap: Box at 0x11a010, Vec of 1024 sums to 523776
11:35:34.981701 heap: 67100624 bytes free while held, 2 fragments
11:35:34.981893 heap: 67108864 bytes free after drop (fully reclaimed), 1 fragments
11:35:34.981993 unmap: page at 0x11b000 fault-ready
11:35:34.982074 unmap: remapped and freed
11:35:34.982157 split: page at 0x200000 split 1, remapped
11:35:34.982226 console-server: up
11:35:35.004689 console: capability minted
11:35:35.004928 authority: 0 console ok
11:35:35.005082 authority: bound console
11:35:35.005219 blob: service up
11:35:35.005345 authority: 1 blob ok
11:35:35.005472 authority: 2 blob-reply ok
11:35:35.005615 authority: bound blob
11:35:35.005747 authority: bound blob-reply
11:35:35.005891 authority: network vocabulary VACANT
11:35:35.006019 authority: 0 rng ok
11:35:35.026563 authority: windows 1 declared
11:35:35.026656 loader: store n=5 image
11:35:35.026712 loader: beacon loaded text=1 stack=3 home=0
11:35:35.026765 loader: chirp loaded text=1 stack=3 home=1
11:35:35.026811 loader: lookup loaded text=1 stack=3 home=0
11:35:35.026856 loader: entropy loaded text=1 stack=3 home=0
11:35:35.048533 loader: blob loaded text=1 stack=3 home=0
11:35:35.048663 arena: 1 splits, 71 tables free
11:35:35.048743 boot: mmu=21 ms discover=56 ms ready=219 ms
11:35:35.048809 ?loader: chirp ran sends=1 refusals=0
11:35:35.048872 loader: lookup ran sends=1 refusals=0
11:35:35.048933 H!NRloader: beacon ran sends=2 refusals=0
11:35:35.048993 loader: entropy ran sends=1 refusals=0
11:35:35.053510 blob: put ok
11:35:35.053638 blob: got
11:35:35.053713 Sloader: blob ran sends=3 refusals=0
11:35:36.046198 ticks=10
        [... 590 heartbeat lines elided ...]
11:40:31.042222 invariants: overwrites=0 abandoned=0 faults=0 blocked=2 frames_free=512 preempts=0 slots=4/9
