# Harbor hardware evidence — derived by scripts/host/hw-evidence.sh v1.
# Do not edit by hand: the gate re-derives this and compares.
#
# capture: 20260810-134826.log
# sha256:  ff7e3b6bcd5c7c5ae8a9c9c2af35f2760aa1a3f226f5d78d8ad6e6782e952019
#
# Heartbeat runs (`ticks=` / `invariants:`) are collapsed to first + count +
# last (ADR-0109). Everything else is verbatim. Re-derive with:
#   scripts/host/hw-evidence.sh .serial-log/20260810-134826.log
Harbor: hello
13:48:26.723446 EL1 · W^X map · heap · timer + UART RX IRQ · WFI idle
13:48:26.723632 build: headless (no SPI TFT, no bring-up gates) src=b898ebcd release
13:48:26.723759 DTB at 0x2eff1f00
13:48:26.723903 MMU on  (W^X, guard page at 0x116000, 299008 B of table arena left)
13:48:26.744986 reset: PowerOn partition=0 (PM_RSTS=0x00001000)
13:48:26.745461 cpu: Cortex-A72 r0p3 asid16 pa44 (MIDR=0x410fd083)
13:48:26.745603 smp: core1 alive
13:48:26.745738 DTB mapped: 61440 bytes at 0x2eff1000
13:48:26.745884 discover: model "Raspberry Pi 4 Model B Rev 1.5" rev=0xc03115 (fdt)
13:48:26.768027 discover: memory 3956 MiB (2 ranges) beyond compiled map (identity 2048 MiB)
13:48:26.768263 discover: cpus 4 (fdt) smp-seen=2 matches
13:48:26.768402 discover: display compiled=off (claim, not probed)
13:48:26.768521 heap remaining = 67108864 bytes
13:48:26.768660 frames: 512 free / 512  base=0x4127000  (2048 KiB pool)
13:48:26.782430 aspace: prepare ok  held=14 (empty=1)  root=0x4127000
13:48:26.782636 el0: SVC ok  imm=0
13:48:26.782768 el0: FAULT ok  ESR=0x9200004f FAR=0x80000
13:48:26.782876 aspace: create/destroy ok  pool=512
13:48:26.782972 asid: dual a=2 b=3 ok
13:48:26.783079 aspace: dual create/destroy ok  pool=512
13:48:26.867021 rng200: ok word=0xff4a9dc6
13:48:26.867213 CNTFRQ=54000000 Hz  timer=10 Hz  PPI=30
13:48:26.867331 irq: sealed with 3 handlers registered
13:48:26.867429 smp: core1 ipi
13:48:26.867522 smp: core1 ran
13:48:26.867650 IRQs enabled (timer + UART RX)
13:48:26.867769 idle: WFI when no RX/tick work
13:48:26.867908 heap: Box at 0x127010, Vec of 1024 sums to 523776
13:48:26.889044 heap: 67100624 bytes free while held, 2 fragments
13:48:26.889267 heap: 67108864 bytes free after drop (fully reclaimed), 1 fragments
13:48:26.889402 unmap: page at 0x128000 fault-ready
13:48:26.889560 unmap: remapped and freed
13:48:26.889684 split: page at 0x200000 split 1, remapped
13:48:26.889775 console-server: up
13:48:26.911075 console: capability minted
13:48:26.911222 loader: builtin
13:48:26.911328 loader: beacon loaded text=1 stack=3
13:48:26.911417 loader: mute loaded text=2 stack=3
13:48:26.911493 sched: spawned task-a
13:48:26.911565 sched: spawned task-b
13:48:26.911651 sched: spawned el0-task
13:48:26.911729 sched: spawned pl011-agent
13:48:26.911800 sched: spawned rng-agent
13:48:26.932980 sched: spawned agent-a
13:48:26.933189 sched: spawned agent-b
13:48:26.933310 ipc: spawned receiver
13:48:26.933419 ipc: spawned sender
13:48:26.933524 ipc: spawned forger
13:48:26.933635 el0-ipc: spawned receiver
13:48:26.933733 el0-ipc: spawned sender
13:48:26.933833 irq-cap: minted timer cookie=1
13:48:26.933930 sched: spawned irq-wait
13:48:26.934014 sched: spawned el0-irq-refuse
13:48:26.934083 name: resolved
13:48:26.955031 name: missing
13:48:26.955182 store: got
13:48:26.955276 store: missing
13:48:26.955360 ipc: transfer spawned
13:48:26.955439 cascade: parent spawned
13:48:26.955513 el0-resolve: spawned
13:48:26.955588 ipc: timeout-recv spawned
13:48:26.955680 el0-xfer: parent spawned
13:48:26.955758 el0-xfer: refuse spawned
13:48:26.955838 el0-xfer-peer: parent spawned
13:48:26.955918 el0-xfer-peer: refuse spawned
13:48:26.961323 xfer-peer: stale spawned
13:48:26.961411 el0-timeout: spawned
13:48:26.961489 density: thin n=3 bytes_each=8192
13:48:26.983745 durable-media: boot=15 from=Previous part=0x7f slot=B seq=14 host=emmc2
13:48:26.983875 durable: reloaded
13:48:27.096250 durable-media: flushed slot=A seq=15
13:48:27.121010 durable-media: verified
13:48:27.121222 preempt-el1: workers spawned
13:48:27.121382 preempt-el1-cpu1: workers spawned
13:48:27.121522 preempt-el0-cpu1: workers spawned
13:48:27.121628 preempt: tasks spawned
13:48:27.121708 ipc: revoke-held spawned
13:48:27.121781 ipc: orphan spawned id=44
13:48:27.121846 ipc: reaper spawned
13:48:27.121915 sched: spawned supervisor
13:48:27.142984 ipc: auto-reap receiver spawned
13:48:27.143139 ipc: auto-reap sender spawned
13:48:27.143244 arena: 1 splits, 71 tables free
13:48:27.143340 boot: mmu=22 ms discover=57 ms ready=430 ms
13:48:27.143428 loader: mute ran sends=0 refusals=2
13:48:27.143533 task-a 0
13:48:27.143644 task-b 0
13:48:27.143729 el0-task: svc ping
13:48:27.143843 el0-task: svc refuse imm=0x99
13:48:27.164980 el0-task: resume pings=2
13:48:27.165133 pl011-agent: FR read + svc ok
13:48:27.165223 pl011-agent: rx own begin
13:48:27.165305 rng-agent: map read ok
13:48:27.165388 rng-agent: killed ok  pool=466 (was 466)
13:48:27.165459 agent-b: svc ping
13:48:27.165541 el0-ipc: try-recv empty without waiting empties=1
13:48:27.165633 el0-ipc: sent slot=0 tag=7 a=42
13:48:27.188161 el0-ipc: console denied, printed nothing
13:48:27.188413 el0-ipc: refused slot=1 authority=4
13:48:27.188583 el0-ipc: agent faulted esr=0x9200004f far=0x80000 faults=1
13:48:27.188738 el0-ipc: creator alive after fault
13:48:27.188861 irq-wait: arm cookie=1
13:48:27.188977 el0-irq: refused refusals=1
13:48:27.189086 ipc: transfer donor empty
13:48:27.202948 resolve-grant: refused
13:48:27.203122 el0-resolve: ok
13:48:27.203234 el0-resolve: refused refusals=1
13:48:27.203625 el0-xfer: refused refusals=1
13:48:27.203772 el0-xfer-peer: spawned
13:48:27.203897 el0-xfer-peer: refused refusals=1 detail=4
13:48:27.203983 xfer-peer: band refused
13:48:27.467031 ipc: held-revoke ok
13:48:27.467238 ipc: release stale refused
13:48:27.467374 H!H!loader: beacon ran sends=2 refusals=0
13:48:27.467472 task-a 1
13:48:27.467558 task-b 1
13:48:27.467664 el0-task: console sends=2
13:48:27.467772 el0-task: irq resume irqs=1
13:48:27.467878 el0-task: ok  pool=406 (was 497)
13:48:27.467972 pl011-agent: rx poll empty
13:48:27.468062 agent-a: svc ping
13:48:27.482715 ipc: sent tag=1 a=42
13:48:27.482860 ipc: transfer ok
13:48:27.482943 el0-xfer: ok
13:48:27.483016 el0-xfer: parent got cap
13:48:27.483089 el0-xfer-peer: donor emptied
13:48:27.483155 xfer-peer: stale refused
13:48:27.483224 irq-wait: woke drops=0 idle_signals=6
13:48:27.483286 el0-irq: arm slot=0
13:48:27.655568 preempt-el1-cpu1: rotated
13:48:27.876013 ipc: timed-out cancelled
13:48:27.876194 el0-timeout: cancelled
13:48:27.876290 ticks=10
13:48:27.876410 invariants: overwrites=0 abandoned=0 faults=1 blocked=4 frames_free=451 preempts=8
13:48:27.876491 task-a 2
13:48:27.876564 task-b 2
13:48:27.876665 RXagents: concurrent ok  pool=451
13:48:27.878810 ipc: got tag=1 a=42
13:48:27.878933 ipc: refuse count=6 full=0 state=0
13:48:27.898048 *el0-ipc: got payload via EL0 recvs=1
13:48:27.898220 el0-xfer-peer: ok
13:48:27.898314 preempt-el1: rotated
13:48:27.898398 preempt-el1: spinner exited
13:48:27.898475 el0-irq: woke wait_irqs=1
13:48:27.898551 irq-device: woke wait_irqs=1
13:48:27.898654 preempt-el1-cpu1: spinner exited
13:48:27.898742 preempt-el0-cpu1: rotated
13:48:27.920005 preempt-el0-cpu1: spinner exited
13:48:27.920200 preempt: rotated
13:48:27.920312 preempt: spinner exited irqs=4
13:48:27.920423 ipc: cancel issued cancel_events=3
13:48:27.920577 supervisor: reaped id=22 reap_events=1
13:48:27.920700 task-a 3
13:48:27.920779 task-b 3
13:48:27.920859 sched: blocked=1 block_events=13
13:48:27.920958 cascade: parent exit cascade_events=0
13:48:27.921044 ipc: reaped cancelled
13:48:27.938357 supervised: cancelled
13:48:27.938513 ipc: auto-reaped cancelled
13:48:27.938590  cascade: cancelled
13:48:27.938681 ppl011-agent: rx own bytes=2
13:48:27.938759 pl011-agent: rx own end
13:48:27.938841 pl011-agent: killed ok  pool=512 (was 482)
13:48:27.938917 supervisor: restarted id=3
13:48:27.938994 supervised: cancelled
13:48:28.761315 ticks=20
        [... 194 heartbeat lines elided ...]
13:50:05.770706 invariants: overwrites=0 abandoned=0 faults=1 blocked=1 frames_free=512 preempts=8
