# Harbor hardware evidence — derived by scripts/host/hw-evidence.sh v1.
# Do not edit by hand: the gate re-derives this and compares.
#
# capture: 20260810-130305.log
# sha256:  d5982d49bb1278ed8978d07163a4eb931345bb5ef938b5d8812d10e2b9f99e7a
#
# Heartbeat runs (`ticks=` / `invariants:`) are collapsed to first + count +
# last (ADR-0109). Everything else is verbatim. Re-derive with:
#   scripts/host/hw-evidence.sh .serial-log/20260810-130305.log
13:03:17.677570 Harbor: hello
13:03:17.677962 EL1 · W^X map · heap · timer + UART RX IRQ · WFI idle
13:03:17.678103 build: headless (no SPI TFT, no bring-up gates) src=97158ee4 release
13:03:17.678199 DTB at 0x2eff1f00
13:03:17.678319 MMU on  (W^X, guard page at 0x113000, 299008 B of table arena left)
13:03:17.699414 reset: PowerOn partition=0 (PM_RSTS=0x00001000)
13:03:17.699638 cpu: Cortex-A72 r0p3 asid16 pa44 (MIDR=0x410fd083)
13:03:17.699751 smp: core1 alive
13:03:17.699851 DTB mapped: 61440 bytes at 0x2eff1000
13:03:17.699958 discover: model "Raspberry Pi 4 Model B Rev 1.5" rev=0xc03115 (fdt)
13:03:17.721418 discover: memory 3956 MiB (2 ranges) beyond compiled map (identity 2048 MiB)
13:03:17.721642 discover: cpus 4 (fdt) smp-seen=2 matches
13:03:17.721765 discover: display compiled=off (claim, not probed)
13:03:17.721862 heap remaining = 67108864 bytes
13:03:17.721964 frames: 512 free / 512  base=0x4124000  (2048 KiB pool)
13:03:17.736551 aspace: prepare ok  held=14 (empty=1)  root=0x4124000
13:03:17.736842 el0: SVC ok  imm=0
13:03:17.736990 el0: FAULT ok  ESR=0x9200004f FAR=0x80000
13:03:17.737120 aspace: create/destroy ok  pool=512
13:03:17.737233 asid: dual a=2 b=3 ok
13:03:17.737355 aspace: dual create/destroy ok  pool=512
13:03:17.820338 rng200: ok word=0xa6b36b50
13:03:17.820531 CNTFRQ=54000000 Hz  timer=10 Hz  PPI=30
13:03:17.820661 irq: sealed with 3 handlers registered
13:03:17.820753 smp: core1 ipi
13:03:17.820839 smp: core1 ran
13:03:17.820928 IRQs enabled (timer + UART RX)
13:03:17.821020 idle: WFI when no RX/tick work
13:03:17.821119 heap: Box at 0x124010, Vec of 1024 sums to 523776
13:03:17.842419 heap: 67100624 bytes free while held, 2 fragments
13:03:17.842720 heap: 67108864 bytes free after drop (fully reclaimed), 1 fragments
13:03:17.842849 unmap: page at 0x125000 fault-ready
13:03:17.842950 unmap: remapped and freed
13:03:17.843051 split: page at 0x200000 split 1, remapped
13:03:17.843142 console-server: up
13:03:17.864343 console: capability minted
13:03:17.864567 loader: builtin
13:03:17.864726 loader: beacon loaded text=1 stack=3
13:03:17.864853 loader: mute loaded text=2 stack=3
13:03:17.864964 sched: spawned task-a
13:03:17.865071 sched: spawned task-b
13:03:17.865178 sched: spawned el0-task
13:03:17.865284 sched: spawned pl011-agent
13:03:17.865388 sched: spawned rng-agent
13:03:17.887418 sched: spawned agent-a
13:03:17.887688 sched: spawned agent-b
13:03:17.887826 ipc: spawned receiver
13:03:17.887941 ipc: spawned sender
13:03:17.888046 ipc: spawned forger
13:03:17.888155 el0-ipc: spawned receiver
13:03:17.888262 el0-ipc: spawned sender
13:03:17.888371 irq-cap: minted timer cookie=1
13:03:17.888475 sched: spawned irq-wait
13:03:17.888582 sched: spawned el0-irq-refuse
13:03:17.888690 name: resolved
13:03:17.909403 name: missing
13:03:17.909587 store: got
13:03:17.909711 store: missing
13:03:17.909799 ipc: transfer spawned
13:03:17.909884 cascade: parent spawned
13:03:17.909965 el0-resolve: spawned
13:03:17.910043 ipc: timeout-recv spawned
13:03:17.910119 el0-xfer: parent spawned
13:03:17.910195 el0-xfer: refuse spawned
13:03:17.910272 el0-xfer-peer: parent spawned
13:03:17.910350 el0-xfer-peer: refuse spawned
13:03:17.915365 xfer-peer: stale spawned
13:03:17.915527 el0-timeout: spawned
13:03:17.915691 density: thin n=3 bytes_each=8192
13:03:17.937502 durable-media: boot=12 from=Previous part=0x7f slot=A seq=11 host=emmc2
13:03:17.937732 durable: reloaded
13:03:17.989141 durable-media: flushed slot=B seq=12
13:03:18.014500 durable-media: verified
13:03:18.014712 preempt-el1: workers spawned
13:03:18.014831 preempt: tasks spawned
13:03:18.014922 ipc: revoke-held spawned
13:03:18.015016 ipc: orphan spawned id=38
13:03:18.015152 ipc: reaper spawned
13:03:18.015271 sched: spawned supervisor
13:03:18.015391 ipc: auto-reap receiver spawned
13:03:18.015506 ipc: auto-reap sender spawned
13:03:18.036462 arena: 1 splits, 71 tables free
13:03:18.036713 boot: mmu=22 ms discover=57 ms ready=363 ms
13:03:18.036827 loader: mute ran sends=0 refusals=2
13:03:18.036909 task-a 0
13:03:18.036989 task-b 0
13:03:18.037067 el0-task: svc ping
13:03:18.037149 el0-task: svc refuse imm=0x99
13:03:18.037227 el0-task: resume pings=2
13:03:18.037309 pl011-agent: FR read + svc ok
13:03:18.058548 pl011-agent: rx own begin
13:03:18.058764 rng-agent: map read ok
13:03:18.058910 rng-agent: killed ok  pool=466 (was 466)
13:03:18.058997 agent-b: svc ping
13:03:18.059094 el0-ipc: try-recv empty without waiting empties=1
13:03:18.059181 el0-ipc: sent slot=0 tag=7 a=42
13:03:18.059269 el0-ipc: console denied, printed nothing
13:03:18.059354 el0-ipc: refused slot=1 authority=4
13:03:18.080524 el0-ipc: agent faulted esr=0x9200004f far=0x80000 faults=1
13:03:18.080786 el0-ipc: creator alive after fault
13:03:18.080919 irq-wait: arm cookie=1
13:03:18.081043 el0-irq: refused refusals=1
13:03:18.081156 ipc: transfer donor empty
13:03:18.081266 resolve-grant: refused
13:03:18.081344 el0-resolve: ok
13:03:18.081425 el0-resolve: refused refusals=1
13:03:18.089821 el0-xfer: refused refusals=1
13:03:18.089996 el0-xfer-peer: spawned
13:03:18.090112 el0-xfer-peer: refused refusals=1 detail=4
13:03:18.090204 xfer-peer: band refused
13:03:18.320570 ipc: held-revoke ok
13:03:18.320811 ipc: release stale refused
13:03:18.320929 H!H!loader: beacon ran sends=2 refusals=0
13:03:18.321020 task-a 1
13:03:18.321104 task-b 1
13:03:18.321194 el0-task: console sends=2
13:03:18.321286 el0-task: irq resume irqs=1
13:03:18.321379 el0-task: ok  pool=421 (was 497)
13:03:18.321467 pl011-agent: rx poll empty
13:03:18.321550 agent-a: svc ping
13:03:18.331437 ipc: sent tag=1 a=42
13:03:18.331620 ipc: transfer ok
13:03:18.331717 el0-xfer: ok
13:03:18.331810 el0-xfer: parent got cap
13:03:18.331895 el0-xfer-peer: donor emptied
13:03:18.332006 xfer-peer: stale refused
13:03:18.512323 irq-wait: woke drops=0 idle_signals=7
13:03:18.512491 el0-irq: arm slot=0
13:03:18.729533 ipc: timed-out cancelled
13:03:18.729848 el0-timeout: cancelled
13:03:18.729974 ticks=10
13:03:18.730138 invariants: overwrites=0 abandoned=0 faults=1 blocked=4 frames_free=451 preempts=4
13:03:18.730243 task-a 2
13:03:18.730338 task-b 2
13:03:18.730449 RXagents: concurrent ok  pool=451
13:03:18.730554 ipc: got tag=1 a=42
13:03:18.730672 ipc: refuse count=6 full=0 state=0
13:03:18.751501 *el0-ipc: got payload via EL0 recvs=1
13:03:18.751715 el0-xfer-peer: ok
13:03:18.751820 preempt-el1: rotated
13:03:18.751930 preempt-el1: spinner exited
13:03:18.752016 preempt: rotated
13:03:18.752105 preempt: spinner exited irqs=4
13:03:18.752194 el0-irq: woke wait_irqs=1
13:03:18.752310 irq-device: woke wait_irqs=1
13:03:18.752428 ipc: cancel issued cancel_events=3
13:03:18.774633 supervisor: reaped id=22 reap_events=1
13:03:18.774813 task-a 3
13:03:18.774907 task-b 3
13:03:18.775008 sched: blocked=1 block_events=13
13:03:18.775100 cascade: parent exit cascade_events=0
13:03:18.775181 ipc: reaped cancelled
13:03:18.775261 supervised: cancelled
13:03:18.775341 ipc: auto-reaped cancelled
13:03:18.775416  cascade: cancelled
13:03:18.775523 ppl011-agent: rx own bytes=2
13:03:18.783996 pl011-agent: rx own end
13:03:18.784217 pl011-agent: killed ok  pool=512 (was 482)
13:03:18.784372 supervisor: restarted id=3
13:03:18.784505 supervised: cancelled
13:03:19.715240 ticks=20
        [... 104 heartbeat lines elided ...]
13:04:11.714739 invariants: overwrites=0 abandoned=0 faults=1 blocked=1 frames_free=512 preempts=4
